// Jest Snapshot v1, https://goo.gl/fbAQLP

exports[`Tests on file RealExampleRef should shoe the component <RealExampleRef /> correctly 1`] = `
<div>
  <h1>
    RealExampleRef
  </h1>
  <hr />
  <button
    className="btn btn-primary mt-3"
    onClick={[Function]}
  >
    Show / Hiden
  </button>
</div>
`;
